
[1m[46m RUN [49m[22m [36mv3.2.4 [39m[90mC:/Users/EMMA/Desktop/mentors2[39m

 [31mΓ¥»[39m src/components/payment/__tests__/PaymentModal.test.tsx [2m([22m[2m5 tests[22m[2m | [22m[31m1 failed[39m[2m)[22m[33m 1191[2mms[22m[39m
   [32mΓ£ô[39m PaymentModal[2m > [22mrenders nothing when closed[32m 23[2mms[22m[39m
   [32mΓ£ô[39m PaymentModal[2m > [22mrenders asset selection when opened[32m 61[2mms[22m[39m
   [32mΓ£ô[39m PaymentModal[2m > [22mnavigates to review step after selecting asset[32m 25[2mms[22m[39m
[31m   [31m├ù[31m PaymentModal[2m > [22mtransitions to processing then success[39m[33m 1046[2mms[22m[39m
[31m     ΓåÆ Unable to find an element with the text: Processing Payment. This could be because the text is broken up by multiple elements. In this case, you can provide a function for your text matcher to make your matcher more flexible.

Ignored nodes: comments, script, style
[36m<body>[31m
  [36m<div>[31m
    [36m<div[31m
      [33mclass[31m=[32m"fixed inset-0 z-[100] flex items-center justify-center p-4 sm:p-6 overflow-y-auto"[31m
    [36m>[31m
      [36m<div[31m
        [33mclass[31m=[32m"fixed inset-0 bg-gray-900/60 backdrop-blur-md transition-opacity animate-in fade-in duration-300"[31m
      [36m/>[31m
      [36m<div[31m
        [33mclass[31m=[32m"relative w-full max-w-lg bg-white rounded-[2.5rem] shadow-2xl shadow-stellar/10 border border-gray-100 overflow-hidden animate-in zoom-in-95 slide-in-from-bottom-5 duration-300"[31m
      [36m>[31m
        [36m<div[31m
          [33mclass[31m=[32m"px-8 pt-8 pb-4 flex items-center justify-between"[31m
        [36m>[31m
          [36m<div[31m
            [33mclass[31m=[32m"flex items-center gap-3"[31m
          [36m>[31m
            [36m<button[31m
              [33maria-label[31m=[32m"Go back"[31m
              [33mclass[31m=[32m"p-2 -ml-2 hover:bg-gray-100 rounded-xl transition-colors text-gray-400 hover:text-gray-600"[31m
            [36m>[31m
              [36m<svg[31m
                [33mclass[31m=[32m"w-5 h-5"[31m
                [33mfill[31m=[32m"none"[31m
                [33mstroke[31m=[32m"currentColor"[31m
                [33mviewBox[31m=[32m"0 0 24 24"[31m
              [36m>[31m
                [36m<path[31m
                  [33md[31m=[32m"M15 19l-7-7 7-7"[31m
                  [33mstroke-linecap[31m=[32m"round"[31m
                  [33mstroke-linejoin[31m=[32m"round"[31m
                  [33mstroke-width[31m=[32m"2.5"[31m
                [36m/>[31m
              [36m</svg>[31m
            [36m</button>[31m
            [36m<h2[31m
              [33mclass[31m=[32m"text-xl font-black text-gray-900 tracking-tight"[31m
            [36m>[31m
              [0mRetry Payment[0m
            [36m</h2>[31m
          [36m</div>[31m
          [36m<button[31m
            [33maria-label[31m=[32m"Close modal"[31m
            [33mclass[31m=[32m"p-2.5 bg-gray-50 text-gray-400 hover:text-gray-600 hover:bg-gray-100 rounded-2xl transition-all disabled:opacity-0"[31m
          [36m>[31m
            [36m<svg[31m
              [33mclass[31m=[32m"w-5 h-5"[31m
              [33mfill[31m=[32m"none"[31m
              [33mstroke[31m=[32m"currentColor"[31m
              [33mviewBox[31m=[32m"0 0 24 24"[31m
            [36m>[31m
              [36m<path[31m
                [33md[31m=[32m"M6 18L18 6M6 6l12 12"[31m
                [33mstroke-linecap[31m=[32m"round"[31m
                [33mstroke-linejoin[31m=[32m"round"[31m
                [33mstroke-width[31m=[32m"2.5"[31m
              [36m/>[31m
            [36m</svg>[31m
          [36m</button>[31m
        [36m</div>[31m
        [36m<div[31m
          [33mclass[31m=[32m"px-8 pb-10"[31m
        [36m>[31m
          [36m<div[31m
            [33mclass[31m=[32m"mt-4"[31m
          [36m>[31m
            [36m<div[31m
              [33mclass[31m=[32m"py-8 flex flex-col items-center justify-center text-center space-y-6"[31m
            [36m>[31m
              [36m<div[31m
                [33mclass[31m=[32m"w-20 h-20 rounded-full bg-red-100 flex items-center justify-center text-red-500 text-4xl"[31m
              [36m>[31m
                [36m<svg[31m
                  [33mclass[31m=[32m"w-10 h-10"[31m
                  [33mfill[31m=[32m"none"[31m
                  [33mstroke[31m=[32m"currentColor"[31m
                  [33mviewBox[31m=[32m"0 0 24 24"[31m
                [36m>[31m
                  [36m<path[31m
                    [33md[31m=[32m"M6 18L18 6M6 6l12 12"[31m
                    [33mstroke-linecap[31m=[32m"round"[31m
                    [33mstroke-linejoin[31m=[32m"round"[31m
                    [33mstroke-width[31m=[32m"3"[31m
                  [36m/>[31m
                [36m</svg>[31m
              [36m</div>[31m
              [36m<div>[31m
                [36m<h3[31m
                  [33mclass[31m=[32m"text-xl font-bold text-gray-900"[31m
                [36m>[31m
                  [0mPayment Failed[0m
                [36m</h3>[31m
                [36m<p[31m
                  [33mclass[31m=[32m"text-sm text-red-500 mt-1 font-medium"[31m
                [36m>[31m
                  [0mInsufficient XLM balance.[0m
                [36m</p>[31m
              [36m</div>[31m
              [36m<p[31m
                [33mclass[31m=[32m"text-xs text-gray-400 max-w-[280px]"[31m
              [36m>[31m
                [0mThere was an issue processing your transaction. This could be due to network congestion or insufficient funds.[0m
              [36m</p>[31m
            [36m</div>[31m
          [36m</div>[31m
          [36m<div[31m
            [33mclass[31m=[32m"mt-8"[31m
          [36m>[31m
            [36m<div[31m
              [33mclass[31m=[32m"space-y-3"[31m
            [36m>[31m
              [36m<button[31m
                [33mclass[31m=[32m"w-full py-4 px-6 bg-stellar text-white rounded-[1.25rem] font-black text-base shadow-xl shadow-stellar/25 hover:bg-stellar-dark transition-all"[31m
              [36m>[31m
                [0mTry Again[0m
              [36m</button>[31m
              [36m<button[31m
                [33mclass[31m=[32m"w-full py-4 px-6 bg-white text-gray-500 rounded-[1.25rem] font-bold text-sm border-2 border-gray-100 hover:bg-gray-50 transition-all"[31m
              [36m>[31m
                [0mChange Payment Method[0m
              [36m</button>[31m
            [36m</div>[31m
          [36m</div>[31m
        [36m</div>[31m
      [36m</div>[31m
    [36m</div>[31m
  [36m</div>[31m
[36m</body>[31m

Ignored nodes: comments, script, style
[36m<body>[31m
  [36m<div>[31m
    [36m<div[31m
      [33mclass[31m=[32m"fixed inset-0 z-[100] flex items-center justify-center p-4 sm:p-6 overflow-y-auto"[31m
    [36m>[31m
      [36m<div[31m
        [33mclass[31m=[32m"fixed inset-0 bg-gray-900/60 backdrop-blur-md transition-opacity animate-in fade-in duration-300"[31m
      [36m/>[31m
      [36m<div[31m
        [33mclass[31m=[32m"relative w-full max-w-lg bg-white rounded-[2.5rem] shadow-2xl shadow-stellar/10 border border-gray-100 overflow-hidden animate-in zoom-in-95 slide-in-from-bottom-5 duration-300"[31m
      [36m>[31m
        [36m<div[31m
          [33mclass[31m=[32m"px-8 pt-8 pb-4 flex items-center justify-between"[31m
        [36m>[31m
          [36m<div[31m
            [33mclass[31m=[32m"flex items-center gap-3"[31m
          [36m>[31m
            [36m<button[31m
              [33maria-label[31m=[32m"Go back"[31m
              [33mclass[31m=[32m"p-2 -ml-2 hover:bg-gray-100 rounded-xl transition-colors text-gray-400 hover:text-gray-600"[31m
            [36m>[31m
              [36m<svg[31m
                [33mclass[31m=[32m"w-5 h-5"[31m
                [33mfill[31m=[32m"none"[31m
                [33mstroke[31m=[32m"currentColor"[31m
                [33mviewBox[31m=[32m"0 0 24 24"[31m
              [36m>[31m
                [36m<path[31m
                  [33md[31m=[32m"M15 19l-7-7 7-7"[31m
                  [33mstroke-linecap[31m=[32m"round"[31m
                  [33mstroke-linejoin[31m=[32m"round"[31m
                  [33mstroke-width[31m=[32m"2.5"[31m
                [36m/>[31m
              [36m</svg>[31m
            [36m</button>[31m
            [36m<h2[31m
              [33mclass[31m=[32m"text-xl font-black text-gray-900 tracking-tight"[31m
            [36m>[31m
              [0mRetry Payment[0m
            [36m</h2>[31m
          [36m</div>[31m
          [36m<button[31m
            [33maria-label[31m=[32m"Close modal"[31m
            [33mclass[31m=[32m"p-2.5 bg-gray-50 text-gray-400 hover:text-gray-600 hover:bg-gray-100 rounded-2xl transition-all disabled:opacity-0"[31m
          [36m>[31m
            [36m<svg[31m
              [33mclass[31m=[32m"w-5 h-5"[31m
              [33mfill[31m=[32m"none"[31m
              [33mstroke[31m=[32m"currentColor"[31m
              [33mviewBox[31m=[32m"0 0 24 24"[31m
            [36m>[31m
              [36m<path[31m
                [33md[31m=[32m"M6 18L18 6M6 6l12 12"[31m
                [33mstroke-linecap[31m=[32m"round"[31m
                [33mstroke-linejoin[31m=[32m"round"[31m
                [33mstroke-width[31m=[32m"2.5"[31m
              [36m/>[31m
            [36m</svg>[31m
          [36m</button>[31m
        [36m</div>[31m
        [36m<div[31m
          [33mclass[31m=[32m"px-8 pb-10"[31m
        [36m>[31m
          [36m<div[31m
            [33mclass[31m=[32m"mt-4"[31m
          [36m>[31m
            [36m<div[31m
              [33mclass[31m=[32m"py-8 flex flex-col items-center justify-center text-center space-y-6"[31m
            [36m>[31m
              [36m<div[31m
                [33mclass[31m=[32m"w-20 h-20 rounded-full bg-red-100 flex items-center justify-center text-red-500 text-4xl"[31m
              [36m>[31m
                [36m<svg[31m
                  [33mclass[31m=[32m"w-10 h-10"[31m
                  [33mfill[31m=[32m"none"[31m
                  [33mstroke[31m=[32m"currentColor"[31m
                  [33mviewBox[31m=[32m"0 0 24 24"[31m
                [36m>[31m
                  [36m<path[31m
                    [33md[31m=[32m"M6 18L18 6M6 6l12 12"[31m
                    [33mstroke-linecap[31m=[32m"round"[31m
                    [33mstroke-linejoin[31m=[32m"round"[31m
                    [33mstroke-width[31m=[32m"3"[31m
                  [36m/>[31m
                [36m</svg>[31m
              [36m</div>[31m
              [36m<div>[31m
                [36m<h3[31m
                  [33mclass[31m=[32m"text-xl font-bold text-gray-900"[31m
                [36m>[31m
                  [0mPayment Failed[0m
                [36m</h3>[31m
                [36m<p[31m
                  [33mclass[31m=[32m"text-sm text-red-500 mt-1 font-medium"[31m
                [36m>[31m
                  [0mInsufficient XLM balance.[0m
                [36m</p>[31m
              [36m</div>[31m
              [36m<p[31m
                [33mclass[31m=[32m"text-xs text-gray-400 max-w-[280px]"[31m
              [36m>[31m
                [0mThere was an issue processing your transaction. This could be due to network congestion or insufficient funds.[0m
              [36m</p>[31m
            [36m</div>[31m
          [36m</div>[31m
          [36m<div[31m
            [33mclass[31m=[32m"mt-8"[31m
          [36m>[31m
            [36m<div[31m
              [33mclass[31m=[32m"space-y-3"[31m
            [36m>[31m
              [36m<button[31m
                [33mclass[31m=[32m"w-full py-4 px-6 bg-stellar text-white rounded-[1.25rem] font-black text-base shadow-xl shadow-stellar/25 hover:bg-stellar-dark transition-all"[31m
              [36m>[31m
                [0mTry Again[0m
              [36m</button>[31m
              [36m<button[31m
                [33mclass[31m=[32m"w-full py-4 px-6 bg-white text-gray-500 rounded-[1.25rem] font-bold text-sm border-2 border-gray-100 hover:bg-gray-50 transition-all"[31m
              [36m>[31m
                [0mChange Payment Method[0m
              [36m</button>[31m
            [36m</div>[31m
          [36m</div>[31m
        [36m</div>[31m
      [36m</div>[31m
    [36m</div>[31m
  [36m</div>[31m
[36m</body>[31m[39m
   [32mΓ£ô[39m PaymentModal[2m > [22mshows error state when transaction fails[32m 35[2mms[22m[39m
node.exe : 
At line:1 char:1
+ & "C:\nvm4w\nodejs/no
de.exe" "C:\Users\EMMA\
AppData\Roaming\npm/nod
e_ ...
+ ~~~~~~~~~~~~~~~~~~~~~
~~~~~~~~~~~~~~~~~~~~~~~
~~~~~~~~~~~~~~~~~~~~~~~
~~
    + CategoryInfo     
         : NotSpecifi  
  ed: (:String) [],    
 RemoteException
    + FullyQualifiedEr 
   rorId : NativeComm  
  andError
 
[31mΓÄ»ΓÄ»ΓÄ»ΓÄ»ΓÄ»ΓÄ»
ΓÄ»[39m[1m[41m 
Failed Tests 1 [49m[2
2m[31mΓÄ»ΓÄ»ΓÄ»ΓÄ»ΓÄ»Γ
Ä»ΓÄ»[39m

[41m[1m FAIL 
[22m[49m src/componen
ts/payment/__tests__/Pa
ymentModal.test.tsx[2m
 > 
[22mPaymentModal[2m 
> [22mtransitions to 
processing then success
[31m[1mTestingLibrary
ElementError[22m[39m:
 Unable to find an 
element with the text: 
Processing Payment. 
This could be because 
the text is broken up 
by multiple elements. 
In this case, you can 
provide a function for 
your text matcher to 
make your matcher more 
flexible.

Ignored nodes: 
comments, script, style
[36m<body>[39m
  [36m<div>[39m
    [36m<div[39m
      [33mclass[39m=
[32m"fixed inset-0 
z-[100] flex 
items-center 
justify-center p-4 
sm:p-6 
overflow-y-auto"[39m
    [36m>[39m
      [36m<div[39m
        [33mclass[39m
=[32m"fixed inset-0 
bg-gray-900/60 
backdrop-blur-md 
transition-opacity 
animate-in fade-in 
duration-300"[39m
      [36m/>[39m
      [36m<div[39m
        [33mclass[39m
=[32m"relative w-full 
max-w-lg bg-white 
rounded-[2.5rem] 
shadow-2xl 
shadow-stellar/10 
border border-gray-100 
overflow-hidden 
animate-in zoom-in-95 
slide-in-from-bottom-5 
duration-300"[39m
      [36m>[39m
        [36m<div[39m
          [33mclass[3
9m=[32m"px-8 pt-8 
pb-4 flex items-center 
justify-between"[39m
        [36m>[39m
          
[36m<div[39m
            [33mclass
[39m=[32m"flex 
items-center 
gap-3"[39m
          [36m>[39m
            
[36m<button[39m
              [33maria
-label[39m=[32m"Go 
back"[39m
              [33mclas
s[39m=[32m"p-2 -ml-2 
hover:bg-gray-100 
rounded-xl 
transition-colors 
text-gray-400 hover:tex
t-gray-600"[39m
            [36m>[39m
              
[36m<svg[39m
                [33mcl
ass[39m=[32m"w-5 
h-5"[39m
                [33mfi
ll[39m=[32m"none"[39
m
                [33mst
roke[39m=[32m"current
Color"[39m
                [33mvi
ewBox[39m=[32m"0 0 
24 24"[39m
              
[36m>[39m
                
[36m<path[39m
                  
[33md[39m=[32m"M15 
19l-7-7 7-7"[39m
                  [33m
stroke-linecap[39m=[3
2m"round"[39m
                  [33m
stroke-linejoin[39m=[
32m"round"[39m
                  [33m
stroke-width[39m=[32m
"2.5"[39m
                
[36m/>[39m
              
[36m</svg>[39m
            
[36m</button>[39m
            
[36m<h2[39m
              [33mclas
s[39m=[32m"text-xl 
font-black 
text-gray-900 
tracking-tight"[39m
            [36m>[39m
              
[0mRetry Payment[0m
            
[36m</h2>[39m
          
[36m</div>[39m
          
[36m<button[39m
            [33maria-l
abel[39m=[32m"Close 
modal"[39m
            [33mclass
[39m=[32m"p-2.5 
bg-gray-50 
text-gray-400 
hover:text-gray-600 
hover:bg-gray-100 
rounded-2xl 
transition-all disabled
:opacity-0"[39m
          [36m>[39m
            
[36m<svg[39m
              [33mclas
s[39m=[32m"w-5 
h-5"[39m
              [33mfill
[39m=[32m"none"[39m
              [33mstro
ke[39m=[32m"currentCo
lor"[39m
              [33mview
Box[39m=[32m"0 0 24 
24"[39m
            [36m>[39m
              
[36m<path[39m
                
[33md[39m=[32m"M6 
18L18 6M6 6l12 12"[39m
                [33mst
roke-linecap[39m=[32m
"round"[39m
                [33mst
roke-linejoin[39m=[32
m"round"[39m
                [33mst
roke-width[39m=[32m"2
.5"[39m
              
[36m/>[39m
            
[36m</svg>[39m
          
[36m</button>[39m
        
[36m</div>[39m
        [36m<div[39m
          [33mclass[3
9m=[32m"px-8 
pb-10"[39m
        [36m>[39m
          
[36m<div[39m
            [33mclass
[39m=[32m"mt-4"[39m
          [36m>[39m
            
[36m<div[39m
              [33mclas
s[39m=[32m"py-8 flex 
flex-col items-center 
justify-center 
text-center 
space-y-6"[39m
            [36m>[39m
              
[36m<div[39m
                [33mcl
ass[39m=[32m"w-20 
h-20 rounded-full 
bg-red-100 flex 
items-center 
justify-center 
text-red-500 
text-4xl"[39m
              
[36m>[39m
                
[36m<svg[39m
                  [33m
class[39m=[32m"w-10 
h-10"[39m
                  [33m
fill[39m=[32m"none"[
39m
                  [33m
stroke[39m=[32m"curre
ntColor"[39m
                  [33m
viewBox[39m=[32m"0 0 
24 24"[39m
                
[36m>[39m
                  
[36m<path[39m
                    
[33md[39m=[32m"M6 
18L18 6M6 6l12 12"[39m
                    [3
3mstroke-linecap[39m=
[32m"round"[39m
                    [3
3mstroke-linejoin[39m=
[32m"round"[39m
                    [3
3mstroke-width[39m=[3
2m"3"[39m
                  
[36m/>[39m
                
[36m</svg>[39m
              
[36m</div>[39m
              
[36m<div>[39m
                
[36m<h3[39m
                  [33m
class[39m=[32m"text-x
l font-bold 
text-gray-900"[39m
                
[36m>[39m
                  
[0mPayment Failed[0m
                
[36m</h3>[39m
                
[36m<p[39m
                  [33m
class[39m=[32m"text-s
m text-red-500 mt-1 
font-medium"[39m
                
[36m>[39m
                  
[0mInsufficient XLM 
balance.[0m
                
[36m</p>[39m
              
[36m</div>[39m
              
[36m<p[39m
                [33mcl
ass[39m=[32m"text-xs 
text-gray-400 
max-w-[280px]"[39m
              
[36m>[39m
                
[0mThere was an issue 
processing your 
transaction. This 
could be due to 
network congestion or 
insufficient funds.[0m
              
[36m</p>[39m
            
[36m</div>[39m
          
[36m</div>[39m
          
[36m<div[39m
            [33mclass
[39m=[32m"mt-8"[39m
          [36m>[39m
            
[36m<div[39m
              [33mclas
s[39m=[32m"space-y-3"
[39m
            [36m>[39m
              
[36m<button[39m
                [33mcl
ass[39m=[32m"w-full 
py-4 px-6 bg-stellar 
text-white 
rounded-[1.25rem] 
font-black text-base 
shadow-xl 
shadow-stellar/25 
hover:bg-stellar-dark 
transition-all"[39m
              
[36m>[39m
                
[0mTry Again[0m
              
[36m</button>[39m
              
[36m<button[39m
                [33mcl
ass[39m=[32m"w-full 
py-4 px-6 bg-white 
text-gray-500 
rounded-[1.25rem] 
font-bold text-sm 
border-2 
border-gray-100 
hover:bg-gray-50 
transition-all"[39m
              
[36m>[39m
                
[0mChange Payment 
Method[0m
              
[36m</button>[39m
            
[36m</div>[39m
          
[36m</div>[39m
        
[36m</div>[39m
      [36m</div>[39m
    [36m</div>[39m
  [36m</div>[39m
[36m</body>[39m

Ignored nodes: 
comments, script, style
[36m<body>[39m
  [36m<div>[39m
    [36m<div[39m
      [33mclass[39m=
[32m"fixed inset-0 
z-[100] flex 
items-center 
justify-center p-4 
sm:p-6 
overflow-y-auto"[39m
    [36m>[39m
      [36m<div[39m
        [33mclass[39m
=[32m"fixed inset-0 
bg-gray-900/60 
backdrop-blur-md 
transition-opacity 
animate-in fade-in 
duration-300"[39m
      [36m/>[39m
      [36m<div[39m
        [33mclass[39m
=[32m"relative w-full 
max-w-lg bg-white 
rounded-[2.5rem] 
shadow-2xl 
shadow-stellar/10 
border border-gray-100 
overflow-hidden 
animate-in zoom-in-95 
slide-in-from-bottom-5 
duration-300"[39m
      [36m>[39m
        [36m<div[39m
          [33mclass[3
9m=[32m"px-8 pt-8 
pb-4 flex items-center 
justify-between"[39m
        [36m>[39m
          
[36m<div[39m
            [33mclass
[39m=[32m"flex 
items-center 
gap-3"[39m
          [36m>[39m
            
[36m<button[39m
              [33maria
-label[39m=[32m"Go 
back"[39m
              [33mclas
s[39m=[32m"p-2 -ml-2 
hover:bg-gray-100 
rounded-xl 
transition-colors 
text-gray-400 hover:tex
t-gray-600"[39m
            [36m>[39m
              
[36m<svg[39m
                [33mcl
ass[39m=[32m"w-5 
h-5"[39m
                [33mfi
ll[39m=[32m"none"[39
m
                [33mst
roke[39m=[32m"current
Color"[39m
                [33mvi
ewBox[39m=[32m"0 0 
24 24"[39m
              
[36m>[39m
                
[36m<path[39m
                  
[33md[39m=[32m"M15 
19l-7-7 7-7"[39m
                  [33m
stroke-linecap[39m=[3
2m"round"[39m
                  [33m
stroke-linejoin[39m=[
32m"round"[39m
                  [33m
stroke-width[39m=[32m
"2.5"[39m
                
[36m/>[39m
              
[36m</svg>[39m
            
[36m</button>[39m
            
[36m<h2[39m
              [33mclas
s[39m=[32m"text-xl 
font-black 
text-gray-900 
tracking-tight"[39m
            [36m>[39m
              
[0mRetry Payment[0m
            
[36m</h2>[39m
          
[36m</div>[39m
          
[36m<button[39m
            [33maria-l
abel[39m=[32m"Close 
modal"[39m
            [33mclass
[39m=[32m"p-2.5 
bg-gray-50 
text-gray-400 
hover:text-gray-600 
hover:bg-gray-100 
rounded-2xl 
transition-all disabled
:opacity-0"[39m
          [36m>[39m
            
[36m<svg[39m
              [33mclas
s[39m=[32m"w-5 
h-5"[39m
              [33mfill
[39m=[32m"none"[39m
              [33mstro
ke[39m=[32m"currentCo
lor"[39m
              [33mview
Box[39m=[32m"0 0 24 
24"[39m
            [36m>[39m
              
[36m<path[39m
                
[33md[39m=[32m"M6 
18L18 6M6 6l12 12"[39m
                [33mst
roke-linecap[39m=[32m
"round"[39m
                [33mst
roke-linejoin[39m=[32
m"round"[39m
                [33mst
roke-width[39m=[32m"2
.5"[39m
              
[36m/>[39m
            
[36m</svg>[39m
          
[36m</button>[39m
        
[36m</div>[39m
        [36m<div[39m
          [33mclass[3
9m=[32m"px-8 
pb-10"[39m
        [36m>[39m
          
[36m<div[39m
            [33mclass
[39m=[32m"mt-4"[39m
          [36m>[39m
            
[36m<div[39m
              [33mclas
s[39m=[32m"py-8 flex 
flex-col items-center 
justify-center 
text-center 
space-y-6"[39m
            [36m>[39m
              
[36m<div[39m
                [33mcl
ass[39m=[32m"w-20 
h-20 rounded-full 
bg-red-100 flex 
items-center 
justify-center 
text-red-500 
text-4xl"[39m
              
[36m>[39m
                
[36m<svg[39m
                  [33m
class[39m=[32m"w-10 
h-10"[39m
                  [33m
fill[39m=[32m"none"[
39m
                  [33m
stroke[39m=[32m"curre
ntColor"[39m
                  [33m
viewBox[39m=[32m"0 0 
24 24"[39m
                
[36m>[39m
                  
[36m<path[39m
                    
[33md[39m=[32m"M6 
18L18 6M6 6l12 12"[39m
                    [3
3mstroke-linecap[39m=
[32m"round"[39m
                    [3
3mstroke-linejoin[39m=
[32m"round"[39m
                    [3
3mstroke-width[39m=[3
2m"3"[39m
                  
[36m/>[39m
                
[36m</svg>[39m

[2m Test Files [22m [1m[31m1 failed[39m[22m[90m (1)[39m
[2m      Tests [22m [1m[31m1 failed[39m[22m[2m | [22m[1m[32m4 passed[39m[22m[90m (5)[39m
[2m   Start at [22m 03:18:34
[2m   Duration [22m 3.31s[2m (transform 156ms, setup 141ms, collect 412ms, tests 1.19s, environment 752ms, prepare 167ms)[22m

              
[36m</div>[39m
              
[36m<div>[39m
                
[36m<h3[39m
                  [33m
class[39m=[32m"text-x
l font-bold 
text-gray-900"[39m
                
[36m>[39m
                  
[0mPayment Failed[0m
                
[36m</h3>[39m
                
[36m<p[39m
                  [33m
class[39m=[32m"text-s
m text-red-500 mt-1 
font-medium"[39m
                
[36m>[39m
                  
[0mInsufficient XLM 
balance.[0m
                
[36m</p>[39m
              
[36m</div>[39m
              
[36m<p[39m
                [33mcl
ass[39m=[32m"text-xs 
text-gray-400 
max-w-[280px]"[39m
              
[36m>[39m
                
[0mThere was an issue 
processing your 
transaction. This 
could be due to 
network congestion or 
insufficient funds.[0m
              
[36m</p>[39m
            
[36m</div>[39m
          
[36m</div>[39m
          
[36m<div[39m
            [33mclass
[39m=[32m"mt-8"[39m
          [36m>[39m
            
[36m<div[39m
              [33mclas
s[39m=[32m"space-y-3"
[39m
            [36m>[39m
              
[36m<button[39m
                [33mcl
ass[39m=[32m"w-full 
py-4 px-6 bg-stellar 
text-white 
rounded-[1.25rem] 
font-black text-base 
shadow-xl 
shadow-stellar/25 
hover:bg-stellar-dark 
transition-all"[39m
              
[36m>[39m
                
[0mTry Again[0m
              
[36m</button>[39m
              
[36m<button[39m
                [33mcl
ass[39m=[32m"w-full 
py-4 px-6 bg-white 
text-gray-500 
rounded-[1.25rem] 
font-bold text-sm 
border-2 
border-gray-100 
hover:bg-gray-50 
transition-all"[39m
              
[36m>[39m
                
[0mChange Payment 
Method[0m
              
[36m</button>[39m
            
[36m</div>[39m
          
[36m</div>[39m
        
[36m</div>[39m
      [36m</div>[39m
    [36m</div>[39m
  [36m</div>[39m
[36m</body>[39m
[90m [2mΓ¥»[22m 
waitForWrapper node_mod
ules/@testing-library/d
om/dist/wait-for.js:[2
m163:27[22m[39m
[90m [2mΓ¥»[22m node
_modules/@testing-libra
ry/dom/dist/query-helpe
rs.js:[2m86:33[22m[3
9m
[36m [2mΓ¥»[22m src/
components/payment/__te
sts__/PaymentModal.test
.tsx:[2m50:25[22m[39
m
    [90m 48| [39m    
    [90m 49| [39m    
[90m// Check 
processing state[39m
    [90m 50| [39m    
expect(await screen.fin
dByText('Processing Pay
ment')).toBeDefined(ΓÇª
    [90m   | [39m    
                    
[31m^[39m
    [90m 51| [39m    
    [90m 52| [39m    
[90m// Wait for 
success (2.5s delay in 
hook)[39m

[31m[2mΓÄ»ΓÄ»ΓÄ»ΓÄ»ΓÄ
»ΓÄ»ΓÄ»ΓÄ»ΓÄ»ΓÄ»ΓÄ»ΓÄ»Γ
Ä»ΓÄ»ΓÄ»ΓÄ»ΓÄ»ΓÄ»ΓÄ»ΓÄ»
ΓÄ»ΓÄ»ΓÄ»ΓÄ»[1/1]ΓÄ»[2
2m[39m

